SUMMARY:\
 ** 5 of 6 failed
Failed Checks: pointer arithmetic overflow
Failed Checks: pointer arithmetic overflow
Failed Checks: "Expected 0 and 1 to be the only safe values for offset"
Failed Checks: "This should fail for delta `1`"
Failed Checks: "This should fail for delta `0`"

Verification failed for - check_intrinsic_args
Complete - 0 successfully verified harnesses, 1 failures, 1 total.
