error: Cannot stub `extern_returns_i32` by `stub_returns_u64` (body unavailable, checked via signature).
 - Expected return type

error: Cannot stub `extern_takes_i32` by `stub_takes_u64` (body unavailable, checked via signature).
 - Expected type

error: arity mismatch: original function/method `extern_takes_two_i32` takes 2 argument(s), stub `stub_takes_one_i32` takes 1
